// Jest Snapshot v1, https://goo.gl/fbAQLP

exports[`Datagrid.vue should match snapshot 1`] = `
<table>
  <!---->
   
  <tbody />
</table>
`;
