// Jest Snapshot v1, https://goo.gl/fbAQLP

exports[`Loading.vue should match snapshot 1`] = `
<img
  src="./loading.svg"
/>
`;
