// Jest Snapshot v1, https://goo.gl/fbAQLP

exports[`Home.vue should match snapshot 1`] = `
<div
  class="home"
>
  <loading-stub />
</div>
`;
